// Jest Snapshot v1, https://goo.gl/fbAQLP

exports[`scrape() should scrape interval data 1`] = `
{
  "pre": [
    "                                          1. [031]   2. [032]   3. [034]   4. [035]   5. [036]   6. [037]   7. [038]   8. [039]   9. [040]  10. [041]  11. [042]  12. [046]  13. [100]  14. [096]   Resultat
           1. Lorem Ipsum               1-01:43    2-05:47    2-10:19    1-13:40    1-14:32    2-25:08    2-27:16    2-30:43    2-32:27    1-38:24    1-40:06    1-41:19    1-44:03    1-44:57      44:57
                                          1-01:43    3-04:04    2-04:32    1-03:21    1-00:52    4-10:36    1-02:08    1-03:27    1-01:44    2-05:57    2-01:42    1-01:13    1-02:44    1-00:54           
           2. Lorem Ipsum                 3-01:53    1-05:36    1-10:04    2-14:04    2-15:09    1-23:32    1-25:55    1-29:55    1-32:17    2-39:21    2-40:58    2-42:43    2-46:01    2-47:09      47:09
                                          3-01:53    1-03:43    1-04:28    5-04:00    5-01:05    1-08:23    2-02:23    2-04:00    6-02:22    6-07:04    1-01:37    9-01:45    3-03:18    3-01:08           
        ",
    "                                          1. [031]   2. [032]   3. [034]   4. [035]   5. [033]   6. [040]   7. [041]   8. [042]   9. [046]  10. [100]  11. [096]   Resultat
           1. Lorem Ipsum               2-01:42    2-06:19    2-11:22    2-16:05    2-19:54    2-22:42    1-28:17    1-29:44    1-31:14    1-35:00    1-36:05      36:05
                                          2-01:42    2-04:37    1-05:03    7-04:43    2-03:49    2-02:48    1-05:35    1-01:27    1-01:30    4-03:46    2-01:05           
           2. Lorem Ipsum                  1-01:32    1-05:26    1-10:37    1-14:46    1-18:16    1-20:58    2-31:17    2-33:24    2-35:01    2-38:46    2-39:53      39:53
                                          1-01:32    1-03:54    2-05:11    2-04:09    1-03:30    1-02:42   10-10:19    2-02:07    2-01:37    3-03:45    3-01:07           
        ",
  ],
  "routes": [
    "Bana A 5.1km, ställning vid kontrollerna, mellantider",
    "Bana B 3.9km, ställning vid kontrollerna, mellantider",
  ],
  "title": "TITLE",
}
`;

exports[`scrape() should scrape result data 1`] = `
{
  "pre": [
    "            (Startade: 10, Avbröt: 0, Ej godkänd: 0)

              1. Lorem Ipsum                   AAA                                44:57          
              2. Lorem Ipsum                                                      47:09    +02:12
            ",
    "            (Startade: 10, Avbröt: 0, Ej godkänd: 0)

              1. Lorem Ipsum                   AAAAAA                             36:05          
              2. Lorem Ipsum                   AAAAAA                             39:53    +03:48
            ",
  ],
  "routes": [
    "Bana A 5.1km",
    "Bana B 3.9km",
  ],
  "title": "TITLE",
}
`;
